# Bake Begins!
### (1 of 6) Copy sources
$ cp -a /home/travis/build/fontdirectory/crimsontext/METADATA.json /home/travis/build/fontdirectory/crimsontext/builds/build
$ cp -a /home/travis/build/fontdirectory/crimsontext/DESCRIPTION.en_us.html /home/travis/build/fontdirectory/crimsontext/builds/build
$ cp -a CrimsonText-Italic.ttf.ttx CrimsonText-Bold.ttf.ttx CrimsonText-Regular.ttf.ttx CrimsonText-SemiboldItalic.ttf.ttx CrimsonText-Semibold.ttf.ttx CrimsonText-BoldItalic.ttf.ttx CrimsonText-Italic.ttf._p_o_s_t.ttx CrimsonText-Italic.ttf._c_v_t.ttx CrimsonText-Italic.ttf.G_P_O_S_.ttx CrimsonText-Italic.ttf._m_a_x_p.ttx CrimsonText-Italic.ttf._f_p_g_m.ttx CrimsonText-Italic.ttf.GlyphOrder.ttx CrimsonText-Italic.ttf._l_o_c_a.ttx CrimsonText-Italic.ttf._g_a_s_p.ttx CrimsonText-Italic.ttf._c_m_a_p.ttx CrimsonText-Italic.ttf._h_e_a_d.ttx CrimsonText-Italic.ttf._h_m_t_x.ttx CrimsonText-Italic.ttf.O_S_2f_2.ttx CrimsonText-Italic.ttf.F_F_T_M_.ttx CrimsonText-Italic.ttf._w_e_b_f.ttx CrimsonText-Italic.ttf.G_D_E_F_.ttx CrimsonText-Italic.ttf._h_h_e_a.ttx CrimsonText-Italic.ttf._g_l_y_f.ttx CrimsonText-Italic.ttf._p_r_e_p.ttx CrimsonText-Italic.ttf._n_a_m_e.ttx CrimsonText-Italic.ttf.G_S_U_B_.ttx CrimsonText-Bold.ttf._f_p_g_m.ttx CrimsonText-Bold.ttf.F_F_T_M_.ttx CrimsonText-Bold.ttf._p_o_s_t.ttx CrimsonText-Bold.ttf.GlyphOrder.ttx CrimsonText-Bold.ttf._h_h_e_a.ttx CrimsonText-Bold.ttf._w_e_b_f.ttx CrimsonText-Bold.ttf.G_D_E_F_.ttx CrimsonText-Bold.ttf._g_a_s_p.ttx CrimsonText-Bold.ttf._h_e_a_d.ttx CrimsonText-Bold.ttf._c_m_a_p.ttx CrimsonText-Bold.ttf._p_r_e_p.ttx CrimsonText-Bold.ttf.G_S_U_B_.ttx CrimsonText-Bold.ttf._l_o_c_a.ttx CrimsonText-Bold.ttf._n_a_m_e.ttx CrimsonText-Bold.ttf._m_a_x_p.ttx CrimsonText-Bold.ttf._c_v_t.ttx CrimsonText-Bold.ttf._h_m_t_x.ttx CrimsonText-Bold.ttf.G_P_O_S_.ttx CrimsonText-Bold.ttf.O_S_2f_2.ttx CrimsonText-Bold.ttf._g_l_y_f.ttx CrimsonText-Regular.ttf._n_a_m_e.ttx CrimsonText-Regular.ttf._h_h_e_a.ttx CrimsonText-Regular.ttf.F_F_T_M_.ttx CrimsonText-Regular.ttf.O_S_2f_2.ttx CrimsonText-Regular.ttf.G_S_U_B_.ttx CrimsonText-Regular.ttf._w_e_b_f.ttx CrimsonText-Regular.ttf._h_m_t_x.ttx CrimsonText-Regular.ttf.G_D_E_F_.ttx CrimsonText-Regular.ttf._p_o_s_t.ttx CrimsonText-Regular.ttf._c_v_t.ttx CrimsonText-Regular.ttf._h_e_a_d.ttx CrimsonText-Regular.ttf._g_a_s_p.ttx CrimsonText-Regular.ttf._p_r_e_p.ttx CrimsonText-Regular.ttf._l_o_c_a.ttx CrimsonText-Regular.ttf.G_P_O_S_.ttx CrimsonText-Regular.ttf.GlyphOrder.ttx CrimsonText-Regular.ttf._c_m_a_p.ttx CrimsonText-Regular.ttf._m_a_x_p.ttx CrimsonText-Regular.ttf._g_l_y_f.ttx CrimsonText-Regular.ttf._f_p_g_m.ttx CrimsonText-SemiboldItalic.ttf._g_a_s_p.ttx CrimsonText-SemiboldItalic.ttf._f_p_g_m.ttx CrimsonText-SemiboldItalic.ttf.GlyphOrder.ttx CrimsonText-SemiboldItalic.ttf.F_F_T_M_.ttx CrimsonText-SemiboldItalic.ttf._h_h_e_a.ttx CrimsonText-SemiboldItalic.ttf._c_m_a_p.ttx CrimsonText-SemiboldItalic.ttf._c_v_t.ttx CrimsonText-SemiboldItalic.ttf._h_m_t_x.ttx CrimsonText-SemiboldItalic.ttf._p_o_s_t.ttx CrimsonText-SemiboldItalic.ttf._w_e_b_f.ttx CrimsonText-SemiboldItalic.ttf.G_P_O_S_.ttx CrimsonText-SemiboldItalic.ttf._h_e_a_d.ttx CrimsonText-SemiboldItalic.ttf._p_r_e_p.ttx CrimsonText-SemiboldItalic.ttf.G_S_U_B_.ttx CrimsonText-SemiboldItalic.ttf._m_a_x_p.ttx CrimsonText-SemiboldItalic.ttf._n_a_m_e.ttx CrimsonText-SemiboldItalic.ttf._l_o_c_a.ttx CrimsonText-SemiboldItalic.ttf.G_D_E_F_.ttx CrimsonText-SemiboldItalic.ttf._g_l_y_f.ttx CrimsonText-SemiboldItalic.ttf.O_S_2f_2.ttx CrimsonText-Semibold.ttf._g_l_y_f.ttx CrimsonText-Semibold.ttf._m_a_x_p.ttx CrimsonText-Semibold.ttf._h_h_e_a.ttx CrimsonText-Semibold.ttf._h_m_t_x.ttx CrimsonText-Semibold.ttf._p_r_e_p.ttx CrimsonText-Semibold.ttf.O_S_2f_2.ttx CrimsonText-Semibold.ttf._h_e_a_d.ttx CrimsonText-Semibold.ttf.G_S_U_B_.ttx CrimsonText-Semibold.ttf._n_a_m_e.ttx CrimsonText-Semibold.ttf._w_e_b_f.ttx CrimsonText-Semibold.ttf.G_P_O_S_.ttx CrimsonText-Semibold.ttf._l_o_c_a.ttx CrimsonText-Semibold.ttf._c_v_t.ttx CrimsonText-Semibold.ttf.GlyphOrder.ttx CrimsonText-Semibold.ttf._c_m_a_p.ttx CrimsonText-Semibold.ttf.F_F_T_M_.ttx CrimsonText-Semibold.ttf._p_o_s_t.ttx CrimsonText-Semibold.ttf.G_D_E_F_.ttx CrimsonText-Semibold.ttf._g_a_s_p.ttx CrimsonText-Semibold.ttf._f_p_g_m.ttx CrimsonText-BoldItalic.ttf.G_P_O_S_.ttx CrimsonText-BoldItalic.ttf._h_e_a_d.ttx CrimsonText-BoldItalic.ttf.G_D_E_F_.ttx CrimsonText-BoldItalic.ttf.G_S_U_B_.ttx CrimsonText-BoldItalic.ttf._p_r_e_p.ttx CrimsonText-BoldItalic.ttf._h_m_t_x.ttx CrimsonText-BoldItalic.ttf._w_e_b_f.ttx CrimsonText-BoldItalic.ttf._h_h_e_a.ttx CrimsonText-BoldItalic.ttf._n_a_m_e.ttx CrimsonText-BoldItalic.ttf._f_p_g_m.ttx CrimsonText-BoldItalic.ttf._g_l_y_f.ttx CrimsonText-BoldItalic.ttf._c_m_a_p.ttx CrimsonText-BoldItalic.ttf._g_a_s_p.ttx CrimsonText-BoldItalic.ttf.F_F_T_M_.ttx CrimsonText-BoldItalic.ttf._c_v_t.ttx CrimsonText-BoldItalic.ttf._m_a_x_p.ttx CrimsonText-BoldItalic.ttf._p_o_s_t.ttx CrimsonText-BoldItalic.ttf.O_S_2f_2.ttx CrimsonText-BoldItalic.ttf.GlyphOrder.ttx CrimsonText-BoldItalic.ttf._l_o_c_a.ttx /home/travis/build/fontdirectory/crimsontext/builds/build/sources
### (2 of 6) pyfontaine
### (3 of 6) Run upstream tests
$ bakery-lint.py upstream-repo sources
$ fontaine --collections subsets --text /home/travis/build/fontdirectory/crimsontext/builds/build/sources/CrimsonText-Italic.ttf.ttx /home/travis/build/fontdirectory/crimsontext/builds/build/sources/CrimsonText-Bold.ttf.ttx /home/travis/build/fontdirectory/crimsontext/builds/build/sources/CrimsonText-Regular.ttf.ttx /home/travis/build/fontdirectory/crimsontext/builds/build/sources/CrimsonText-SemiboldItalic.ttf.ttx /home/travis/build/fontdirectory/crimsontext/builds/build/sources/CrimsonText-Semibold.ttf.ttx /home/travis/build/fontdirectory/crimsontext/builds/build/sources/CrimsonText-BoldItalic.ttf.ttx > fontaine.txt
WARNING: Please install [PyICU](https://pypi.python.org/pypi/PyICU) toenable [feature], perhaps with: pip install pyicu
bakery_lint.tests.upstream.test_prepolation.FontTestPrepolation.test_font_prepolation_glyph_contours(): OK
end of pyfontaine process
bakery_lint.tests.upstream.test_prepolation.FontTestPrepolation.test_font_prepolation_glyph_points(): OK
bakery_lint.tests.upstream.test_prepolation.FontTestPrepolation.test_font_test_prepolation_glyph_names(): OK
bakery_lint.tests.upstream.test_check_upstream_sources.ProjectUpstreamTestCase.test_bakery_yaml_exists(): OK
bakery_lint.tests.upstream.test_check_upstream_sources.ProjectUpstreamTestCase.test_copyright_notices_same_across_family(): OK
bakery_lint.tests.upstream.test_check_upstream_sources.ProjectUpstreamTestCase.test_description_html_exists(): OK
bakery_lint.tests.upstream.test_check_upstream_sources.ProjectUpstreamTestCase.test_fontlog_txt_exists(): FAIL
bakery_lint.tests.upstream.test_check_upstream_sources.ProjectUpstreamTestCase.test_metadata_json_exists(): OK
bakery_lint.tests.upstream.test_diacritic.TestDiacritic.test_diacritic_made_as_component(): OK
bakery_lint.tests.upstream.test_diacritic.TestDiacritic.test_diacritic_made_as_mark_to_mark(): OK
bakery_lint.tests.upstream.test_diacritic.TestDiacritic.test_diacritic_made_as_own_glyphs(): OK
$ bakery-lint.py upstream-ttx CrimsonText-Italic.ttf.ttx
bakery_lint.tests.upstream.test_font_filename_eq_familystyle.TestTTFSourceFontFileNameEqualsFamilyStyle.test_source_ttf_font_filename_equals_familystyle(): FAIL
$ mv /home/travis/build/fontdirectory/crimsontext/builds/build/sources/CrimsonText-Italic.ttf.ttx /home/travis/build/fontdirectory/crimsontext/builds/build/sources/CrimsonText-Italic.ttx
bakery_lint.tests.upstream.test_font_filename_eq_familystyle.TestTTFSourceFontFileNameEqualsFamilyStyle.test_source_ttf_font_filename_equals_familystyle(): OK
bakery_lint.tests.upstream.test_check_ttx_requirements.SourceTTXTest.test_epar_in_keys(): FAIL
bakery_lint.tests.upstream.test_check_ttx_requirements.SourceTTXTest.test_os2_in_keys(): OK
bakery_lint.tests.upstream.test_check_ttx_requirements.SourceTTXTest.test_ttx_doesnt_contain_duplicate_glyphs(): OK
bakery_lint.tests.upstream.test_glyphname_does_not_contain_disallowed_chars.TestGlyphNameDoesNotContainsDisallowedChars.test_glyphname_does_not_contain_disallowed_chars(): OK
bakery_lint.tests.upstream.test_check_ttx_fontfamily_recommendations.TTX_FontFamilyNamingTest.test_ttx_family_naming_recommendation(): FAIL
$ bakery-lint.py upstream-ttx CrimsonText-Bold.ttf.ttx
bakery_lint.tests.upstream.test_font_filename_eq_familystyle.TestTTFSourceFontFileNameEqualsFamilyStyle.test_source_ttf_font_filename_equals_familystyle(): FAIL
$ mv /home/travis/build/fontdirectory/crimsontext/builds/build/sources/CrimsonText-Bold.ttf.ttx /home/travis/build/fontdirectory/crimsontext/builds/build/sources/CrimsonText-Bold.ttx
bakery_lint.tests.upstream.test_font_filename_eq_familystyle.TestTTFSourceFontFileNameEqualsFamilyStyle.test_source_ttf_font_filename_equals_familystyle(): OK
bakery_lint.tests.upstream.test_check_ttx_requirements.SourceTTXTest.test_epar_in_keys(): FAIL
bakery_lint.tests.upstream.test_check_ttx_requirements.SourceTTXTest.test_os2_in_keys(): OK
bakery_lint.tests.upstream.test_check_ttx_requirements.SourceTTXTest.test_ttx_doesnt_contain_duplicate_glyphs(): OK
bakery_lint.tests.upstream.test_glyphname_does_not_contain_disallowed_chars.TestGlyphNameDoesNotContainsDisallowedChars.test_glyphname_does_not_contain_disallowed_chars(): OK
bakery_lint.tests.upstream.test_check_ttx_fontfamily_recommendations.TTX_FontFamilyNamingTest.test_ttx_family_naming_recommendation(): FAIL
$ bakery-lint.py upstream-ttx CrimsonText-Regular.ttf.ttx
bakery_lint.tests.upstream.test_font_filename_eq_familystyle.TestTTFSourceFontFileNameEqualsFamilyStyle.test_source_ttf_font_filename_equals_familystyle(): FAIL
$ mv /home/travis/build/fontdirectory/crimsontext/builds/build/sources/CrimsonText-Regular.ttf.ttx /home/travis/build/fontdirectory/crimsontext/builds/build/sources/CrimsonText-Regular.ttx
bakery_lint.tests.upstream.test_font_filename_eq_familystyle.TestTTFSourceFontFileNameEqualsFamilyStyle.test_source_ttf_font_filename_equals_familystyle(): OK
bakery_lint.tests.upstream.test_check_ttx_requirements.SourceTTXTest.test_epar_in_keys(): FAIL
bakery_lint.tests.upstream.test_check_ttx_requirements.SourceTTXTest.test_os2_in_keys(): OK
bakery_lint.tests.upstream.test_check_ttx_requirements.SourceTTXTest.test_ttx_doesnt_contain_duplicate_glyphs(): OK
bakery_lint.tests.upstream.test_glyphname_does_not_contain_disallowed_chars.TestGlyphNameDoesNotContainsDisallowedChars.test_glyphname_does_not_contain_disallowed_chars(): OK
bakery_lint.tests.upstream.test_check_ttx_fontfamily_recommendations.TTX_FontFamilyNamingTest.test_ttx_family_naming_recommendation(): FAIL
$ bakery-lint.py upstream-ttx CrimsonText-SemiboldItalic.ttf.ttx
bakery_lint.tests.upstream.test_font_filename_eq_familystyle.TestTTFSourceFontFileNameEqualsFamilyStyle.test_source_ttf_font_filename_equals_familystyle(): FAIL
$ mv /home/travis/build/fontdirectory/crimsontext/builds/build/sources/CrimsonText-SemiboldItalic.ttf.ttx /home/travis/build/fontdirectory/crimsontext/builds/build/sources/CrimsonText-BoldItalic.ttx
bakery_lint.tests.upstream.test_font_filename_eq_familystyle.TestTTFSourceFontFileNameEqualsFamilyStyle.test_source_ttf_font_filename_equals_familystyle(): OK
bakery_lint.tests.upstream.test_check_ttx_requirements.SourceTTXTest.test_epar_in_keys(): FAIL
bakery_lint.tests.upstream.test_check_ttx_requirements.SourceTTXTest.test_os2_in_keys(): OK
bakery_lint.tests.upstream.test_check_ttx_requirements.SourceTTXTest.test_ttx_doesnt_contain_duplicate_glyphs(): OK
bakery_lint.tests.upstream.test_glyphname_does_not_contain_disallowed_chars.TestGlyphNameDoesNotContainsDisallowedChars.test_glyphname_does_not_contain_disallowed_chars(): OK
bakery_lint.tests.upstream.test_check_ttx_fontfamily_recommendations.TTX_FontFamilyNamingTest.test_ttx_family_naming_recommendation(): FAIL
$ bakery-lint.py upstream-ttx CrimsonText-Semibold.ttf.ttx
bakery_lint.tests.upstream.test_font_filename_eq_familystyle.TestTTFSourceFontFileNameEqualsFamilyStyle.test_source_ttf_font_filename_equals_familystyle(): FAIL
$ mv /home/travis/build/fontdirectory/crimsontext/builds/build/sources/CrimsonText-Semibold.ttf.ttx /home/travis/build/fontdirectory/crimsontext/builds/build/sources/CrimsonText-Bold.ttx
bakery_lint.tests.upstream.test_font_filename_eq_familystyle.TestTTFSourceFontFileNameEqualsFamilyStyle.test_source_ttf_font_filename_equals_familystyle(): OK
bakery_lint.tests.upstream.test_check_ttx_requirements.SourceTTXTest.test_epar_in_keys(): FAIL
bakery_lint.tests.upstream.test_check_ttx_requirements.SourceTTXTest.test_os2_in_keys(): OK
bakery_lint.tests.upstream.test_check_ttx_requirements.SourceTTXTest.test_ttx_doesnt_contain_duplicate_glyphs(): OK
bakery_lint.tests.upstream.test_glyphname_does_not_contain_disallowed_chars.TestGlyphNameDoesNotContainsDisallowedChars.test_glyphname_does_not_contain_disallowed_chars(): OK
bakery_lint.tests.upstream.test_check_ttx_fontfamily_recommendations.TTX_FontFamilyNamingTest.test_ttx_family_naming_recommendation(): FAIL
$ bakery-lint.py upstream-ttx CrimsonText-BoldItalic.ttf.ttx
bakery_lint.tests.upstream.test_font_filename_eq_familystyle.TestTTFSourceFontFileNameEqualsFamilyStyle.test_source_ttf_font_filename_equals_familystyle(): FAIL
$ mv /home/travis/build/fontdirectory/crimsontext/builds/build/sources/CrimsonText-BoldItalic.ttf.ttx /home/travis/build/fontdirectory/crimsontext/builds/build/sources/CrimsonText-BoldItalic.ttx
bakery_lint.tests.upstream.test_font_filename_eq_familystyle.TestTTFSourceFontFileNameEqualsFamilyStyle.test_source_ttf_font_filename_equals_familystyle(): OK
bakery_lint.tests.upstream.test_check_ttx_requirements.SourceTTXTest.test_epar_in_keys(): FAIL
bakery_lint.tests.upstream.test_check_ttx_requirements.SourceTTXTest.test_os2_in_keys(): OK
bakery_lint.tests.upstream.test_check_ttx_requirements.SourceTTXTest.test_ttx_doesnt_contain_duplicate_glyphs(): OK
bakery_lint.tests.upstream.test_glyphname_does_not_contain_disallowed_chars.TestGlyphNameDoesNotContainsDisallowedChars.test_glyphname_does_not_contain_disallowed_chars(): OK
bakery_lint.tests.upstream.test_check_ttx_fontfamily_recommendations.TTX_FontFamilyNamingTest.test_ttx_family_naming_recommendation(): FAIL
### (4 of 6) Convert sources to TTF
$ ttx -d /home/travis/build/fontdirectory/crimsontext/builds/build /home/travis/build/fontdirectory/crimsontext/builds/build/sources/CrimsonText-Regular.ttx /home/travis/build/fontdirectory/crimsontext/builds/build/sources/CrimsonText-Italic.ttx /home/travis/build/fontdirectory/crimsontext/builds/build/sources/CrimsonText-Bold.ttx /home/travis/build/fontdirectory/crimsontext/builds/build/sources/CrimsonText-BoldItalic.ttx
Compiling "/home/travis/build/fontdirectory/crimsontext/builds/build/sources/CrimsonText-Regular.ttx" to "/home/travis/build/fontdirectory/crimsontext/builds/build/CrimsonText-Regular.ttf"...
Parsing 'GlyphOrder' table...
Parsing 'head' table...
Parsing 'hhea' table...
Parsing 'maxp' table...
Parsing 'OS/2' table...
Parsing 'hmtx' table...
Parsing 'cmap' table...
Parsing 'fpgm' table...
Parsing 'prep' table...
Parsing 'cvt ' table...
Parsing 'loca' table...
Parsing 'glyf' table...
Parsing 'name' table...
Parsing 'post' table...
Parsing 'gasp' table...
Parsing 'FFTM' table...
Parsing 'GDEF' table...
Parsing 'GPOS' table...
Parsing 'GSUB' table...
Parsing 'webf' table...
Compiling "/home/travis/build/fontdirectory/crimsontext/builds/build/sources/CrimsonText-Italic.ttx" to "/home/travis/build/fontdirectory/crimsontext/builds/build/CrimsonText-Italic.ttf"...
Parsing 'GlyphOrder' table...
Parsing 'head' table...
Parsing 'hhea' table...
Parsing 'maxp' table...
Parsing 'OS/2' table...
Parsing 'hmtx' table...
Parsing 'cmap' table...
Parsing 'fpgm' table...
Parsing 'prep' table...
Parsing 'cvt ' table...
Parsing 'loca' table...
Parsing 'glyf' table...
Parsing 'name' table...
Parsing 'post' table...
Parsing 'gasp' table...
Parsing 'FFTM' table...
Parsing 'GDEF' table...
Parsing 'GPOS' table...
Parsing 'GSUB' table...
Parsing 'webf' table...
Compiling "/home/travis/build/fontdirectory/crimsontext/builds/build/sources/CrimsonText-Bold.ttx" to "/home/travis/build/fontdirectory/crimsontext/builds/build/CrimsonText-Bold.ttf"...
Parsing 'GlyphOrder' table...
Parsing 'head' table...
Parsing 'hhea' table...
Parsing 'maxp' table...
Parsing 'OS/2' table...
Parsing 'hmtx' table...
Parsing 'cmap' table...
Parsing 'fpgm' table...
Parsing 'prep' table...
Parsing 'cvt ' table...
Parsing 'loca' table...
Parsing 'glyf' table...
Parsing 'name' table...
Parsing 'post' table...
Parsing 'gasp' table...
Parsing 'FFTM' table...
Parsing 'GDEF' table...
Parsing 'GPOS' table...
Parsing 'GSUB' table...
Parsing 'webf' table...
Compiling "/home/travis/build/fontdirectory/crimsontext/builds/build/sources/CrimsonText-BoldItalic.ttx" to "/home/travis/build/fontdirectory/crimsontext/builds/build/CrimsonText-BoldItalic.ttf"...
Parsing 'GlyphOrder' table...
Parsing 'head' table...
Parsing 'hhea' table...
Parsing 'maxp' table...
Parsing 'OS/2' table...
Parsing 'hmtx' table...
Parsing 'cmap' table...
Parsing 'fpgm' table...
Parsing 'prep' table...
Parsing 'cvt ' table...
Parsing 'loca' table...
Parsing 'glyf' table...
Parsing 'name' table...
Parsing 'post' table...
Parsing 'gasp' table...
Parsing 'FFTM' table...
Parsing 'GDEF' table...
Parsing 'GPOS' table...
Parsing 'GSUB' table...
Parsing 'webf' table...
### Test CrimsonText-Regular.ttf
$ bakery-lint.py result CrimsonText-Regular.ttf
### Test CrimsonText-Italic.ttf
$ bakery-lint.py result CrimsonText-Italic.ttf
### Test CrimsonText-BoldItalic.ttf
$ bakery-lint.py result CrimsonText-BoldItalic.ttf
### Test CrimsonText-Bold.ttf
$ bakery-lint.py result CrimsonText-Bold.ttf
### (5 of 6) Generate METADATA.json (genmetadata.py)
$ genmetadata.py /home/travis/build/fontdirectory/crimsontext/builds/build
{} exists
No Designer Name known, using Multiple Designers for now...
Original size: 98032\nGzip size: 49007
Family Name: Crimson Text
PS Name: CrimsonText-Semibold
Full Name: Crimson Text Bold
Style: normal
Weight: 600
Filename: CrimsonText-Bold.ttf
Copyright: Copyright (c) 2010, Sebastian Kosch (sebastian@aldusleaf.org), with Reserved Font Name "Crimson".
Family Name: Crimson Text
PS Name: CrimsonText-Italic
Full Name: Crimson Text Italic
Style: italic
Weight: 400
Filename: CrimsonText-Italic.ttf
Copyright: Copyright (c) 2010, Sebastian Kosch (sebastian@aldusleaf.org), with Reserved Font Name "Crimson".
Family Name: Crimson Text
PS Name: CrimsonText-Roman
Full Name: Crimson Text Regular
Style: normal
Weight: 400
Filename: CrimsonText-Regular.ttf
Copyright: Copyright (c) 2010, Sebastian Kosch (sebastian@aldusleaf.org), with Reserved Font Name "Crimson".
Family Name: Crimson Text
PS Name: CrimsonText-BoldItalic
Full Name: Crimson Text Bold Italic
Style: italic
Weight: 700
Filename: CrimsonText-BoldItalic.ttf
Copyright: Copyright (c) 2010, Sebastian Kosch (sebastian@aldusleaf.org), with Reserved Font Name "Crimson".
### (6 of 6) Run tests for METADATA.json
$ bakery-lint.py metadata METADATA.json
bakery_lint.tests.metadata_test.MetadataSubsetsListTest.test_charset_latin(): FAIL
bakery_lint.tests.metadata_test.MetadataSubsetsListTest.test_charset_menu(): FAIL
bakery_lint.tests.metadata_test.MetadataTest.test_description_is_more_than_500b(): OK
bakery_lint.tests.downstream.test_gpos_table_has_kerning_info.CheckGposTableHasKerningInfo.test_gpos_table_has_kerning_info(): ERROR
bakery_lint.tests.downstream.test_check_font_agreements.CheckFsTypeIsNotSet.test_is_fstype_not_set(): FAIL
$ bakery-fstype-fix.py --autofix /home/travis/build/fontdirectory/crimsontext/builds/build/CrimsonText-BoldItalic.ttf
bakery_lint.tests.metadata_test.MetadataTest.test_description_is_valid_html(): FAIL
$ mv /home/travis/build/fontdirectory/crimsontext/builds/build/CrimsonText-BoldItalic.ttf.fix /home/travis/build/fontdirectory/crimsontext/builds/build/CrimsonText-BoldItalic.ttf
bakery_lint.tests.downstream.test_check_font_agreements.CheckFsTypeIsNotSet.test_is_fstype_not_set(): OK
$ bakery-fstype-fix.py --autofix /home/travis/build/fontdirectory/crimsontext/builds/build/CrimsonText-BoldItalic.ttf
bakery_lint.tests.downstream.test_gpos_table_has_kerning_info.CheckGposTableHasKerningInfo.test_gpos_table_has_kerning_info(): ERROR
$ mv /home/travis/build/fontdirectory/crimsontext/builds/build/CrimsonText-BoldItalic.ttf.fix /home/travis/build/fontdirectory/crimsontext/builds/build/CrimsonText-BoldItalic.ttf
bakery_lint.tests.downstream.test_check_font_agreements.CheckFsTypeIsNotSet.test_is_fstype_not_set(): FAIL
$ bakery-fstype-fix.py --autofix /home/travis/build/fontdirectory/crimsontext/builds/build/CrimsonText-Regular.ttf
bakery_lint.tests.downstream.test_check_font_agreements.CheckFontAgreements.test_em_is_1000(): FAIL
bakery_lint.tests.downstream.test_check_font_agreements.CheckFontAgreements.test_file_is_font(): OK
bakery_lint.tests.downstream.test_check_font_agreements.CheckFontAgreements.test_font_is_font(): OK
bakery_lint.tests.downstream.test_check_font_agreements.CheckFontAgreements.test_latin_file_exists(): FAIL
bakery_lint.tests.downstream.test_check_magic_prep_code.CheckMagicPREPByteCode.test_prep_magic_code(): FAIL
bakery_lint.tests.downstream.test_check_name_table_recommendation.CheckStyleNameRecommendation.test_check_stylename_is_under_recommendations(): OK
bakery_lint.tests.downstream.test_check_name_table_recommendation.CheckOTFamilyNameRecommendation.test_check_opentype_familyname(): OK
bakery_lint.tests.downstream.test_check_name_table_recommendation.CheckOTStyleNameRecommendation.test_check_opentype_stylename(): FAIL
$ bakery-opentype-fix.py /home/travis/build/fontdirectory/crimsontext/builds/build/CrimsonText-BoldItalic.ttf
$ mv /home/travis/build/fontdirectory/crimsontext/builds/build/CrimsonText-Regular.ttf.fix /home/travis/build/fontdirectory/crimsontext/builds/build/CrimsonText-Regular.ttf
bakery_lint.tests.downstream.test_check_font_agreements.CheckFsTypeIsNotSet.test_is_fstype_not_set(): OK
$ bakery-fstype-fix.py --autofix /home/travis/build/fontdirectory/crimsontext/builds/build/CrimsonText-Regular.ttf
$ mv /home/travis/build/fontdirectory/crimsontext/builds/build/CrimsonText-BoldItalic.ttf.fix /home/travis/build/fontdirectory/crimsontext/builds/build/CrimsonText-BoldItalic.ttf
$ mv /home/travis/build/fontdirectory/crimsontext/builds/build/CrimsonText-Regular.ttf.fix /home/travis/build/fontdirectory/crimsontext/builds/build/CrimsonText-Regular.ttf
bakery_lint.tests.downstream.test_check_name_table_recommendation.CheckOTStyleNameRecommendation.test_check_opentype_stylename(): OK
bakery_lint.tests.downstream.test_check_font_agreements.CheckFontAgreements.test_em_is_1000(): FAIL
bakery_lint.tests.downstream.test_check_name_table_recommendation.CheckOTFullNameRecommendation.test_check_opentype_fullname(): OK
bakery_lint.tests.downstream.test_check_panose_identification.CheckPanoseIdentification.test_check_panose_identification(): OK
bakery_lint.tests.downstream.test_check_upm_heights_less_120.TestCheckUPMHeightsLess120.test_check_upm_heigths_less_120(): FAIL
bakery_lint.tests.downstream.test_check_font_agreements.CheckFontAgreements.test_file_is_font(): OK
bakery_lint.tests.downstream.test_check_font_agreements.CheckFontAgreements.test_font_is_font(): OK
bakery_lint.tests.downstream.test_check_hmtx_hhea_max_advance_width_agreement.CheckHmtxHheaMaxAdvanceWidthAgreement.test_check_hmtx_hhea_max_advance_width_agreement(): OK
bakery_lint.tests.downstream.test_check_font_agreements.CheckFontAgreements.test_latin_file_exists(): FAIL
bakery_lint.tests.downstream.test_check_font_tables.CheckFontHasDsigTable.test_check_font_has_dsig_table(): FAIL
$ bakery-dsig.py /home/travis/build/fontdirectory/crimsontext/builds/build/CrimsonText-BoldItalic.ttf
bakery_lint.tests.downstream.test_check_magic_prep_code.CheckMagicPREPByteCode.test_prep_magic_code(): FAIL
bakery_lint.tests.downstream.test_check_name_table_recommendation.CheckStyleNameRecommendation.test_check_stylename_is_under_recommendations(): OK
bakery_lint.tests.downstream.test_gpos_table_has_kerning_info.CheckGposTableHasKerningInfo.test_gpos_table_has_kerning_info(): ERROR
bakery_lint.tests.downstream.test_check_name_table_recommendation.CheckOTFamilyNameRecommendation.test_check_opentype_familyname(): OK
bakery_lint.tests.downstream.test_check_name_table_recommendation.CheckOTStyleNameRecommendation.test_check_opentype_stylename(): FAIL
$ bakery-opentype-fix.py /home/travis/build/fontdirectory/crimsontext/builds/build/CrimsonText-Regular.ttf
bakery_lint.tests.downstream.test_check_font_agreements.CheckFsTypeIsNotSet.test_is_fstype_not_set(): FAIL
$ bakery-fstype-fix.py --autofix /home/travis/build/fontdirectory/crimsontext/builds/build/CrimsonText-Bold.ttf
$ mv /home/travis/build/fontdirectory/crimsontext/builds/build/CrimsonText-BoldItalic.ttf.fix /home/travis/build/fontdirectory/crimsontext/builds/build/CrimsonText-BoldItalic.ttf
bakery_lint.tests.downstream.test_check_font_tables.CheckFontHasDsigTable.test_check_font_has_dsig_table(): OK
bakery_lint.tests.downstream.test_check_font_tables.CheckFontHasNotKernTable.test_no_kern_table_exists(): OK
bakery_lint.tests.downstream.test_check_nbsp_width_matches_sp_width.CheckNbspWidthMatchesSpWidth.test_check_nbsp_width_matches_sp_width(): OK
bakery_lint.tests.downstream.test_names_are_ascii_only.CheckNamesAreASCIIOnly.test_check_names_are_ascii_only(): OK
$ mv /home/travis/build/fontdirectory/crimsontext/builds/build/CrimsonText-Regular.ttf.fix /home/travis/build/fontdirectory/crimsontext/builds/build/CrimsonText-Regular.ttf
bakery_lint.tests.downstream.test_check_name_table_recommendation.CheckOTStyleNameRecommendation.test_check_opentype_stylename(): OK
bakery_lint.tests.downstream.test_check_name_table_recommendation.CheckOTFullNameRecommendation.test_check_opentype_fullname(): OK
bakery_lint.tests.downstream.test_check_glyph_existence.CheckGlyphExistence.test_euro(): OK
bakery_lint.tests.downstream.test_check_panose_identification.CheckPanoseIdentification.test_check_panose_identification(): OK
bakery_lint.tests.downstream.test_check_glyph_existence.CheckGlyphExistence.test_nbsp(): OK
bakery_lint.tests.downstream.test_check_upm_heights_less_120.TestCheckUPMHeightsLess120.test_check_upm_heigths_less_120(): FAIL
$ mv /home/travis/build/fontdirectory/crimsontext/builds/build/CrimsonText-Bold.ttf.fix /home/travis/build/fontdirectory/crimsontext/builds/build/CrimsonText-Bold.ttf
bakery_lint.tests.downstream.test_check_font_agreements.CheckFsTypeIsNotSet.test_is_fstype_not_set(): OK
$ bakery-fstype-fix.py --autofix /home/travis/build/fontdirectory/crimsontext/builds/build/CrimsonText-Bold.ttf
bakery_lint.tests.downstream.test_check_glyph_existence.CheckGlyphExistence.test_space(): OK
bakery_lint.tests.downstream.test_check_hmtx_hhea_max_advance_width_agreement.CheckHmtxHheaMaxAdvanceWidthAgreement.test_check_hmtx_hhea_max_advance_width_agreement(): OK
bakery_lint.tests.downstream.test_check_font_tables.CheckFontHasDsigTable.test_check_font_has_dsig_table(): FAIL
$ bakery-dsig.py /home/travis/build/fontdirectory/crimsontext/builds/build/CrimsonText-Regular.ttf
$ mv /home/travis/build/fontdirectory/crimsontext/builds/build/CrimsonText-Regular.ttf.fix /home/travis/build/fontdirectory/crimsontext/builds/build/CrimsonText-Regular.ttf
$ mv /home/travis/build/fontdirectory/crimsontext/builds/build/CrimsonText-Bold.ttf.fix /home/travis/build/fontdirectory/crimsontext/builds/build/CrimsonText-Bold.ttf
bakery_lint.tests.downstream.test_check_font_tables.CheckFontHasDsigTable.test_check_font_has_dsig_table(): OK
bakery_lint.tests.downstream.test_check_font_tables.CheckFontHasNotKernTable.test_no_kern_table_exists(): OK
bakery_lint.tests.downstream.test_check_font_agreements.CheckFontAgreements.test_em_is_1000(): FAIL
bakery_lint.tests.downstream.test_check_nbsp_width_matches_sp_width.CheckNbspWidthMatchesSpWidth.test_check_nbsp_width_matches_sp_width(): OK
bakery_lint.tests.downstream.test_names_are_ascii_only.CheckNamesAreASCIIOnly.test_check_names_are_ascii_only(): OK
bakery_lint.tests.downstream.test_check_font_agreements.CheckFontAgreements.test_file_is_font(): OK
bakery_lint.tests.downstream.test_check_glyph_existence.CheckGlyphExistence.test_euro(): OK
bakery_lint.tests.downstream.test_check_font_agreements.CheckFontAgreements.test_font_is_font(): OK
bakery_lint.tests.downstream.test_check_font_agreements.CheckFontAgreements.test_latin_file_exists(): FAIL
bakery_lint.tests.downstream.test_check_glyph_existence.CheckGlyphExistence.test_nbsp(): OK
bakery_lint.tests.downstream.test_check_magic_prep_code.CheckMagicPREPByteCode.test_prep_magic_code(): FAIL
bakery_lint.tests.downstream.test_check_glyph_existence.CheckGlyphExistence.test_space(): OK
bakery_lint.tests.downstream.test_check_name_table_recommendation.CheckStyleNameRecommendation.test_check_stylename_is_under_recommendations(): OK
bakery_lint.tests.downstream.test_check_name_table_recommendation.CheckOTFamilyNameRecommendation.test_check_opentype_familyname(): OK
bakery_lint.tests.downstream.test_check_name_table_recommendation.CheckOTStyleNameRecommendation.test_check_opentype_stylename(): FAIL
$ bakery-opentype-fix.py /home/travis/build/fontdirectory/crimsontext/builds/build/CrimsonText-Bold.ttf
bakery_lint.tests.downstream.test_gpos_table_has_kerning_info.CheckGposTableHasKerningInfo.test_gpos_table_has_kerning_info(): ERROR
$ mv /home/travis/build/fontdirectory/crimsontext/builds/build/CrimsonText-Bold.ttf.fix /home/travis/build/fontdirectory/crimsontext/builds/build/CrimsonText-Bold.ttf
bakery_lint.tests.downstream.test_check_font_agreements.CheckFsTypeIsNotSet.test_is_fstype_not_set(): FAIL
$ bakery-fstype-fix.py --autofix /home/travis/build/fontdirectory/crimsontext/builds/build/CrimsonText-Italic.ttf
bakery_lint.tests.downstream.test_check_name_table_recommendation.CheckOTStyleNameRecommendation.test_check_opentype_stylename(): OK
bakery_lint.tests.downstream.test_check_name_table_recommendation.CheckOTFullNameRecommendation.test_check_opentype_fullname(): OK
bakery_lint.tests.downstream.test_check_panose_identification.CheckPanoseIdentification.test_check_panose_identification(): OK
bakery_lint.tests.downstream.test_check_upm_heights_less_120.TestCheckUPMHeightsLess120.test_check_upm_heigths_less_120(): FAIL
bakery_lint.tests.downstream.test_check_hmtx_hhea_max_advance_width_agreement.CheckHmtxHheaMaxAdvanceWidthAgreement.test_check_hmtx_hhea_max_advance_width_agreement(): OK
bakery_lint.tests.downstream.test_check_font_tables.CheckFontHasDsigTable.test_check_font_has_dsig_table(): FAIL
$ bakery-dsig.py /home/travis/build/fontdirectory/crimsontext/builds/build/CrimsonText-Bold.ttf
$ mv /home/travis/build/fontdirectory/crimsontext/builds/build/CrimsonText-Italic.ttf.fix /home/travis/build/fontdirectory/crimsontext/builds/build/CrimsonText-Italic.ttf
bakery_lint.tests.downstream.test_check_font_agreements.CheckFsTypeIsNotSet.test_is_fstype_not_set(): OK
$ bakery-fstype-fix.py --autofix /home/travis/build/fontdirectory/crimsontext/builds/build/CrimsonText-Italic.ttf
$ mv /home/travis/build/fontdirectory/crimsontext/builds/build/CrimsonText-Bold.ttf.fix /home/travis/build/fontdirectory/crimsontext/builds/build/CrimsonText-Bold.ttf
bakery_lint.tests.downstream.test_check_font_tables.CheckFontHasDsigTable.test_check_font_has_dsig_table(): OK
bakery_lint.tests.downstream.test_check_font_tables.CheckFontHasNotKernTable.test_no_kern_table_exists(): OK
bakery_lint.tests.downstream.test_check_nbsp_width_matches_sp_width.CheckNbspWidthMatchesSpWidth.test_check_nbsp_width_matches_sp_width(): OK
bakery_lint.tests.downstream.test_names_are_ascii_only.CheckNamesAreASCIIOnly.test_check_names_are_ascii_only(): OK
$ mv /home/travis/build/fontdirectory/crimsontext/builds/build/CrimsonText-Italic.ttf.fix /home/travis/build/fontdirectory/crimsontext/builds/build/CrimsonText-Italic.ttf
bakery_lint.tests.downstream.test_check_glyph_existence.CheckGlyphExistence.test_euro(): OK
bakery_lint.tests.downstream.test_check_font_agreements.CheckFontAgreements.test_em_is_1000(): FAIL
bakery_lint.tests.downstream.test_check_glyph_existence.CheckGlyphExistence.test_nbsp(): OK
bakery_lint.tests.downstream.test_check_font_agreements.CheckFontAgreements.test_file_is_font(): OK
bakery_lint.tests.downstream.test_check_glyph_existence.CheckGlyphExistence.test_space(): OK
bakery_lint.tests.downstream.test_check_font_agreements.CheckFontAgreements.test_font_is_font(): OK
bakery_lint.tests.downstream.test_check_font_agreements.CheckFontAgreements.test_latin_file_exists(): FAIL
bakery_lint.tests.downstream.test_check_magic_prep_code.CheckMagicPREPByteCode.test_prep_magic_code(): FAIL
bakery_lint.tests.downstream.test_check_name_table_recommendation.CheckStyleNameRecommendation.test_check_stylename_is_under_recommendations(): OK
bakery_lint.tests.downstream.test_check_name_table_recommendation.CheckOTFamilyNameRecommendation.test_check_opentype_familyname(): OK
bakery_lint.tests.downstream.test_check_name_table_recommendation.CheckOTStyleNameRecommendation.test_check_opentype_stylename(): OK
bakery_lint.tests.downstream.test_check_name_table_recommendation.CheckOTFullNameRecommendation.test_check_opentype_fullname(): FAIL
$ bakery-opentype-fix.py /home/travis/build/fontdirectory/crimsontext/builds/build/CrimsonText-Italic.ttf
$ mv /home/travis/build/fontdirectory/crimsontext/builds/build/CrimsonText-Italic.ttf.fix /home/travis/build/fontdirectory/crimsontext/builds/build/CrimsonText-Italic.ttf
bakery_lint.tests.downstream.test_check_name_table_recommendation.CheckOTFullNameRecommendation.test_check_opentype_fullname(): OK
bakery_lint.tests.downstream.test_check_panose_identification.CheckPanoseIdentification.test_check_panose_identification(): OK
bakery_lint.tests.downstream.test_check_upm_heights_less_120.TestCheckUPMHeightsLess120.test_check_upm_heigths_less_120(): FAIL
bakery_lint.tests.downstream.test_check_hmtx_hhea_max_advance_width_agreement.CheckHmtxHheaMaxAdvanceWidthAgreement.test_check_hmtx_hhea_max_advance_width_agreement(): OK
bakery_lint.tests.downstream.test_check_font_tables.CheckFontHasDsigTable.test_check_font_has_dsig_table(): FAIL
$ bakery-dsig.py /home/travis/build/fontdirectory/crimsontext/builds/build/CrimsonText-Italic.ttf
$ mv /home/travis/build/fontdirectory/crimsontext/builds/build/CrimsonText-Italic.ttf.fix /home/travis/build/fontdirectory/crimsontext/builds/build/CrimsonText-Italic.ttf
bakery_lint.tests.downstream.test_check_font_tables.CheckFontHasDsigTable.test_check_font_has_dsig_table(): OK
bakery_lint.tests.downstream.test_check_font_tables.CheckFontHasNotKernTable.test_no_kern_table_exists(): OK
bakery_lint.tests.downstream.test_check_nbsp_width_matches_sp_width.CheckNbspWidthMatchesSpWidth.test_check_nbsp_width_matches_sp_width(): OK
bakery_lint.tests.downstream.test_names_are_ascii_only.CheckNamesAreASCIIOnly.test_check_names_are_ascii_only(): OK
bakery_lint.tests.downstream.test_check_glyph_existence.CheckGlyphExistence.test_euro(): OK
bakery_lint.tests.downstream.test_check_glyph_existence.CheckGlyphExistence.test_nbsp(): OK
bakery_lint.tests.downstream.test_check_glyph_existence.CheckGlyphExistence.test_space(): OK
bakery_lint.tests.metadata_test.MetadataTest.test_does_not_familyName_exist_in_daltonmaag_catalogue(): FAIL
bakery_lint.tests.metadata_test.MetadataTest.test_does_not_familyName_exist_in_fontbureau_catalogue(): OK
bakery_lint.tests.downstream.test_check_vertical_metrics.CheckVerticalLinegapMetrics.test_metrics_linegaps_are_zero(): FAIL
bakery_lint.tests.downstream.test_check_vertical_metrics.CheckVerticalLinegapMetrics.test_metrics_linegaps_are_zero(): FAIL
bakery_lint.tests.downstream.test_check_vertical_metrics.CheckVerticalLinegapMetrics.test_metrics_linegaps_are_zero(): FAIL
bakery_lint.tests.downstream.test_check_vertical_metrics.CheckVerticalLinegapMetrics.test_metrics_linegaps_are_zero(): FAIL
$ bakery-vmet-fix.py --autofix /home/travis/build/fontdirectory/crimsontext/builds/build/CrimsonText-Bold.ttf /home/travis/build/fontdirectory/crimsontext/builds/build/CrimsonText-Italic.ttf /home/travis/build/fontdirectory/crimsontext/builds/build/CrimsonText-Regular.ttf /home/travis/build/fontdirectory/crimsontext/builds/build/CrimsonText-BoldItalic.ttf
$ bakery-vmet-fix.py --autofix /home/travis/build/fontdirectory/crimsontext/builds/build/CrimsonText-Bold.ttf /home/travis/build/fontdirectory/crimsontext/builds/build/CrimsonText-Italic.ttf /home/travis/build/fontdirectory/crimsontext/builds/build/CrimsonText-Regular.ttf /home/travis/build/fontdirectory/crimsontext/builds/build/CrimsonText-BoldItalic.ttf
$ bakery-vmet-fix.py --autofix /home/travis/build/fontdirectory/crimsontext/builds/build/CrimsonText-Bold.ttf /home/travis/build/fontdirectory/crimsontext/builds/build/CrimsonText-Italic.ttf /home/travis/build/fontdirectory/crimsontext/builds/build/CrimsonText-Regular.ttf /home/travis/build/fontdirectory/crimsontext/builds/build/CrimsonText-BoldItalic.ttf
$ bakery-vmet-fix.py --autofix /home/travis/build/fontdirectory/crimsontext/builds/build/CrimsonText-Bold.ttf /home/travis/build/fontdirectory/crimsontext/builds/build/CrimsonText-Italic.ttf /home/travis/build/fontdirectory/crimsontext/builds/build/CrimsonText-Regular.ttf /home/travis/build/fontdirectory/crimsontext/builds/build/CrimsonText-BoldItalic.ttf
$ mv /home/travis/build/fontdirectory/crimsontext/builds/build/CrimsonText-Bold.ttf.fix /home/travis/build/fontdirectory/crimsontext/builds/build/CrimsonText-Bold.ttf
$ mv /home/travis/build/fontdirectory/crimsontext/builds/build/CrimsonText-Italic.ttf.fix /home/travis/build/fontdirectory/crimsontext/builds/build/CrimsonText-Italic.ttf
$ mv /home/travis/build/fontdirectory/crimsontext/builds/build/CrimsonText-Regular.ttf.fix /home/travis/build/fontdirectory/crimsontext/builds/build/CrimsonText-Regular.ttf
$ mv /home/travis/build/fontdirectory/crimsontext/builds/build/CrimsonText-BoldItalic.ttf.fix /home/travis/build/fontdirectory/crimsontext/builds/build/CrimsonText-BoldItalic.ttf
$ bakery-vmet-fix.py /home/travis/build/fontdirectory/crimsontext/builds/build/CrimsonText-Bold.ttf /home/travis/build/fontdirectory/crimsontext/builds/build/CrimsonText-Italic.ttf /home/travis/build/fontdirectory/crimsontext/builds/build/CrimsonText-Regular.ttf /home/travis/build/fontdirectory/crimsontext/builds/build/CrimsonText-BoldItalic.ttf
$ mv /home/travis/build/fontdirectory/crimsontext/builds/build/CrimsonText-Bold.ttf.fix /home/travis/build/fontdirectory/crimsontext/builds/build/CrimsonText-Bold.ttf
Error: 
$ mv /home/travis/build/fontdirectory/crimsontext/builds/build/CrimsonText-Italic.ttf.fix /home/travis/build/fontdirectory/crimsontext/builds/build/CrimsonText-Italic.ttf
Error: 
$ mv /home/travis/build/fontdirectory/crimsontext/builds/build/CrimsonText-Regular.ttf.fix /home/travis/build/fontdirectory/crimsontext/builds/build/CrimsonText-Regular.ttf
$ mv /home/travis/build/fontdirectory/crimsontext/builds/build/CrimsonText-BoldItalic.ttf.fix /home/travis/build/fontdirectory/crimsontext/builds/build/CrimsonText-BoldItalic.ttf
$ bakery-vmet-fix.py /home/travis/build/fontdirectory/crimsontext/builds/build/CrimsonText-Bold.ttf /home/travis/build/fontdirectory/crimsontext/builds/build/CrimsonText-Italic.ttf /home/travis/build/fontdirectory/crimsontext/builds/build/CrimsonText-Regular.ttf /home/travis/build/fontdirectory/crimsontext/builds/build/CrimsonText-BoldItalic.ttf
bakery_lint.tests.metadata_test.MetadataTest.test_does_not_familyName_exist_in_fontscom_catalogue(): OK
$ mv /home/travis/build/fontdirectory/crimsontext/builds/build/CrimsonText-Bold.ttf.fix /home/travis/build/fontdirectory/crimsontext/builds/build/CrimsonText-Bold.ttf
$ mv /home/travis/build/fontdirectory/crimsontext/builds/build/CrimsonText-Italic.ttf.fix /home/travis/build/fontdirectory/crimsontext/builds/build/CrimsonText-Italic.ttf
$ mv /home/travis/build/fontdirectory/crimsontext/builds/build/CrimsonText-Regular.ttf.fix /home/travis/build/fontdirectory/crimsontext/builds/build/CrimsonText-Regular.ttf
$ mv /home/travis/build/fontdirectory/crimsontext/builds/build/CrimsonText-BoldItalic.ttf.fix /home/travis/build/fontdirectory/crimsontext/builds/build/CrimsonText-BoldItalic.ttf
$ bakery-vmet-fix.py /home/travis/build/fontdirectory/crimsontext/builds/build/CrimsonText-Bold.ttf /home/travis/build/fontdirectory/crimsontext/builds/build/CrimsonText-Italic.ttf /home/travis/build/fontdirectory/crimsontext/builds/build/CrimsonText-Regular.ttf /home/travis/build/fontdirectory/crimsontext/builds/build/CrimsonText-BoldItalic.ttf
bakery_lint.tests.metadata_test.MetadataTest.test_does_not_familyName_exist_in_fontshop_catalogue(): FAIL
$ mv /home/travis/build/fontdirectory/crimsontext/builds/build/CrimsonText-Bold.ttf.fix /home/travis/build/fontdirectory/crimsontext/builds/build/CrimsonText-Bold.ttf
$ mv /home/travis/build/fontdirectory/crimsontext/builds/build/CrimsonText-Italic.ttf.fix /home/travis/build/fontdirectory/crimsontext/builds/build/CrimsonText-Italic.ttf
$ mv /home/travis/build/fontdirectory/crimsontext/builds/build/CrimsonText-Regular.ttf.fix /home/travis/build/fontdirectory/crimsontext/builds/build/CrimsonText-Regular.ttf
$ mv /home/travis/build/fontdirectory/crimsontext/builds/build/CrimsonText-BoldItalic.ttf.fix /home/travis/build/fontdirectory/crimsontext/builds/build/CrimsonText-BoldItalic.ttf
$ bakery-vmet-fix.py /home/travis/build/fontdirectory/crimsontext/builds/build/CrimsonText-Bold.ttf /home/travis/build/fontdirectory/crimsontext/builds/build/CrimsonText-Italic.ttf /home/travis/build/fontdirectory/crimsontext/builds/build/CrimsonText-Regular.ttf /home/travis/build/fontdirectory/crimsontext/builds/build/CrimsonText-BoldItalic.ttf
Parameter              CrimsonText-Bold.ttf    CrimsonText-Italic.ttf    CrimsonText-Regular.ttf    CrimsonText-BoldItalic.ttf    
ymax                   1972                    1911                      1998                       1931                          
hhea.ascent            1998                    1998                      1998                       1998                          
OS/2.sTypoAscender     1998                    1998                      1998                       1998                          
OS/2.usWinAscent       1998                    1998                      1998                       1998                          
ymin                   -518                    -613                      -536                       -528                          
hhea.descent           -613                    -613                      -613                       -613                          
OS/2.sTypoDescender    -613                    -613                      -613                       -613                          
OS/2.usWinDescent      613                     613                       613                        613                           
hhea.lineGap           0                       0                         0                          0                             
OS/2.sTypoLineGap      0                       0                         0                          0                             
hhea total             2611                    2611                      2611                       2611                          
typo total             2611                    2611                      2611                       2611                          
win total              2611                    2611                      2611                       2611                          
UPM:Heights            2048:2490               2048:2524                 2048:2534                  2048:2459                     
UPM:Heights %          121 %                   123 %                     123 %                      120 %                         


Parameter              CrimsonText-Bold.ttf    CrimsonText-Italic.ttf    CrimsonText-Regular.ttf    CrimsonText-BoldItalic.ttf    
ymax                   1972                    1911                      1998                       1931                          
hhea.ascent            1998                    1998                      1998                       1998                          
OS/2.sTypoAscender     1998                    1998                      1998                       1998                          
OS/2.usWinAscent       1998                    1998                      1998                       1998                          
ymin                   -518                    -613                      -536                       -528                          
hhea.descent           -613                    -613                      -613                       -613                          
OS/2.sTypoDescender    -613                    -613                      -613                       -613                          
OS/2.usWinDescent      613                     613                       613                        613                           
hhea.lineGap           0                       0                         0                          0                             
OS/2.sTypoLineGap      0                       0                         0                          0                             
hhea total             2611                    2611                      2611                       2611                          
typo total             2611                    2611                      2611                       2611                          
win total              2611                    2611                      2611                       2611                          
UPM:Heights            2048:2490               2048:2524                 2048:2534                  2048:2459                     
UPM:Heights %          121 %                   123 %                     123 %                      120 %                         


bakery_lint.tests.metadata_test.MetadataTest.test_does_not_familyName_exist_in_fontsmith_catalogue(): OK
bakery_lint.tests.downstream.test_check_vertical_metrics.CheckVerticalLinegapMetrics.test_metrics_linegaps_are_zero(): OK
bakery_lint.tests.metadata_test.MetadataTest.test_does_not_familyName_exist_in_houseind_catalogue(): OK
bakery_lint.tests.downstream.test_check_vertical_metrics.CheckVerticalLinegapMetrics.test_metrics_linegaps_are_zero(): OK
Parameter              CrimsonText-Bold.ttf    CrimsonText-Italic.ttf    CrimsonText-Regular.ttf    CrimsonText-BoldItalic.ttf    
ymax                   1972                    1911                      1998                       1931                          
hhea.ascent            1998                    1998                      1998                       1998                          
OS/2.sTypoAscender     1998                    1998                      1998                       1998                          
OS/2.usWinAscent       1998                    1998                      1998                       1998                          
ymin                   -518                    -613                      -536                       -528                          
hhea.descent           -613                    -613                      -613                       -613                          
OS/2.sTypoDescender    -613                    -613                      -613                       -613                          
OS/2.usWinDescent      613                     613                       613                        613                           
hhea.lineGap           0                       0                         0                          0                             
OS/2.sTypoLineGap      0                       0                         0                          0                             
hhea total             2611                    2611                      2611                       2611                          
typo total             2611                    2611                      2611                       2611                          
win total              2611                    2611                      2611                       2611                          
UPM:Heights            2048:2490               2048:2524                 2048:2534                  2048:2459                     
UPM:Heights %          121 %                   123 %                     123 %                      120 %                         


bakery_lint.tests.metadata_test.MetadataTest.test_does_not_familyName_exist_in_myfonts_catalogue(): FAIL
Parameter              CrimsonText-Bold.ttf    CrimsonText-Italic.ttf    CrimsonText-Regular.ttf    CrimsonText-BoldItalic.ttf    
ymax                   1972                    1911                      1998                       1931                          
hhea.ascent            1998                    1998                      1998                       1998                          
OS/2.sTypoAscender     1998                    1998                      1998                       1998                          
OS/2.usWinAscent       1998                    1998                      1998                       1998                          
ymin                   -518                    -613                      -536                       -528                          
hhea.descent           -613                    -613                      -613                       -613                          
OS/2.sTypoDescender    -613                    -613                      -613                       -613                          
OS/2.usWinDescent      613                     613                       613                        613                           
hhea.lineGap           0                       0                         0                          0                             
OS/2.sTypoLineGap      0                       0                         0                          0                             
hhea total             2611                    2611                      2611                       2611                          
typo total             2611                    2611                      2611                       2611                          
win total              2611                    2611                      2611                       2611                          
UPM:Heights            2048:2490               2048:2524                 2048:2534                  2048:2459                     
UPM:Heights %          121 %                   123 %                     123 %                      120 %                         


bakery_lint.tests.metadata_test.MetadataTest.test_does_not_familyName_exist_in_veer_catalogue(): FAIL
bakery_lint.tests.metadata_test.MetadataTest.test_family_is_listed_in_gwf(): OK
bakery_lint.tests.metadata_test.MetadataTest.test_metadata_atleast_latin_menu_subsets_exist(): OK
bakery_lint.tests.downstream.test_check_vertical_metrics.CheckVerticalLinegapMetrics.test_metrics_linegaps_are_zero(): OK
bakery_lint.tests.downstream.test_check_vertical_metrics.CheckVerticalLinegapMetrics.test_metrics_linegaps_are_zero(): OK
/home/travis/virtualenv/python2.7.8/lib/python2.7/site-packages/bakery_lint/tests/metadata_test.py:141: UnicodeWarning: Unicode equal comparison failed to convert both arguments to Unicode - interpreting them as being unequal
  self.assertTrue(designer in designers,
bakery_lint.tests.metadata_test.MetadataTest.test_metadata_designer_exists_in_profiles_csv(): OK
bakery_lint.tests.metadata_test.MetadataTest.test_metadata_fonts_items_dicts(): OK
bakery_lint.tests.metadata_test.MetadataTest.test_metadata_fonts_key_list(): OK
bakery_lint.tests.metadata_test.MetadataTest.test_metadata_fonts_no_dupes(): FAIL
bakery_lint.tests.metadata_test.MetadataTest.test_metadata_has_unique_style_weight_pairs(): OK
bakery_lint.tests.metadata_test.MetadataTest.test_metadata_keys(): OK
bakery_lint.tests.metadata_test.MetadataTest.test_metadata_license(): OK
bakery_lint.tests.metadata_test.MetadataTest.test_metadata_no_unknown_top_keys(): OK
bakery_lint.tests.metadata_test.MetadataTest.test_metadata_subsets_key_list(): OK
bakery_lint.tests.metadata_test.MetadataTest.test_metadata_top_keys_types(): FAIL
bakery_lint.tests.downstream.test_check_font_name_not_in_camelcase.CheckFontNameNotInCamelCase.test_fontname_not_in_camel_case(): OK
bakery_lint.tests.downstream.test_check_text_files_exist.CheckTextFilesExist.test_copyrighttxt_exists(): FAIL
bakery_lint.tests.downstream.test_check_text_files_exist.CheckTextFilesExist.test_description_exists(): OK
bakery_lint.tests.downstream.test_check_text_files_exist.CheckTextFilesExist.test_fontlogtxt_exists(): FAIL
bakery_lint.tests.downstream.test_check_text_files_exist.CheckTextFilesExist.test_licensetxt_exists(): FAIL
bakery_lint.tests.downstream.test_check_canonical_weights.CheckCanonicalWeights.test_check_canonical_weights(): FAIL
bakery_lint.tests.downstream.test_check_canonical_weights.CheckPostScriptNameMatchesWeight.test_postscriptname_contains_correct_weight(): FAIL
bakery_lint.tests.downstream.test_check_canonical_weights.CheckFontWeightSameAsInMetadata.test_font_weight_same_as_in_metadata(): FAIL
bakery_lint.tests.downstream.test_check_canonical_weights.CheckFullNameEqualCanonicalName.test_metadata_contains_current_font(): ERROR
bakery_lint.tests.downstream.test_check_monospace_agreements.CheckMonospaceAgreement.test_check_monospace_agreement(): OK
bakery_lint.tests.downstream.test_check_subsets_exists.CheckSubsetsExist.test_check_subsets_exists(): FAIL
bakery_lint.tests.downstream.test_metadata_font_copyright.CheckMetadataContainsReservedFontName.test_copyright_contains_correct_rfn(): OK
bakery_lint.tests.downstream.test_metadata_font_copyright.CheckMetadataContainsReservedFontName.test_copyright_is_consistent_across_family(): OK
bakery_lint.tests.downstream.test_metadata_font_copyright.CheckMetadataContainsReservedFontName.test_copyright_matches_pattern(): OK
bakery_lint.tests.downstream.test_metadata_font_copyright.CheckMetadataContainsReservedFontName.test_metadata_copyright_size(): OK
bakery_lint.tests.downstream.test_check_metadata_style_matches_names.CheckItalicStyleMatchesMacStyle.test_check_italic_style_matches_names(): FAIL
bakery_lint.tests.downstream.test_check_metadata_style_matches_names.CheckNormalStyleMatchesMacStyle.test_check_normal_style_matches_names(): ERROR
bakery_lint.tests.downstream.test_check_familyname_matches_fontnames.CheckFamilyNameMatchesFontNames.test_check_familyname_matches_fontnames(): OK
bakery_lint.tests.downstream.test_check_canonical_styles.CheckCanonicalStyles.test_check_canonical_styles(): ERROR
bakery_lint.tests.downstream.test_check_menu_contains_proper_glyphs.CheckMenuSubsetContainsProperGlyphs.test_check_menu_contains_proper_glyphs(): ERROR
bakery_lint.tests.downstream.test_metadata_agreements.CheckMetadataAgreements.test_font_name_matches_family(): ERROR
bakery_lint.tests.downstream.test_metadata_agreements.CheckMetadataAgreements.test_metadata_family(): ERROR
bakery_lint.tests.downstream.test_metadata_agreements.CheckMetadataAgreements.test_metadata_family_values_are_all_the_same(): OK
bakery_lint.tests.downstream.test_metadata_agreements.CheckMetadataAgreements.test_metadata_filename_matches_postScriptName(): FAIL
bakery_lint.tests.downstream.test_metadata_agreements.CheckMetadataAgreements.test_metadata_font_have_regular(): OK
bakery_lint.tests.downstream.test_metadata_agreements.CheckMetadataAgreements.test_metadata_fonts_fields_have_fontname(): ERROR
bakery_lint.tests.downstream.test_metadata_agreements.CheckMetadataAgreements.test_metadata_fullname_is_equal_to_internal_font_fullname(): ERROR
bakery_lint.tests.downstream.test_metadata_agreements.CheckMetadataAgreements.test_metadata_fullname_matches_postScriptName(): FAIL
bakery_lint.tests.downstream.test_metadata_agreements.CheckMetadataAgreements.test_metadata_postScriptName_matches_ttf_fontname(): FAIL
bakery_lint.tests.downstream.test_metadata_agreements.CheckMetadataAgreements.test_metadata_regular_is_400(): OK
bakery_lint.tests.downstream.test_metadata_agreements.CheckMetadataAgreements.test_metadata_regular_is_normal(): OK
bakery_lint.tests.downstream.test_check_canonical_filenames.CheckCanonicalFilenames.test_check_canonical_filenames(): FAIL
bakery_lint.tests.downstream.test_check_files_menu_agreements.CheckFontsMenuAgreements.test_menu_file_agreement(): FAIL
bakery_lint.tests.downstream.test_check_metadata_fields.CheckMetadataFields.test_check_metadata_fields(): OK
bakery_lint.tests.downstream.test_check_glyph_consistency.CheckGlyphConsistencyInFamily.test_the_same_encodings_of_glyphs_across_family(): ERROR
bakery_lint.tests.downstream.test_check_glyph_consistency.CheckGlyphConsistencyInFamily.test_the_same_names_of_glyphs_across_family(): FAIL
bakery_lint.tests.downstream.test_check_glyph_consistency.CheckGlyphConsistencyInFamily.test_the_same_number_of_glyphs_across_family(): FAIL
bakery_lint.tests.downstream.test_check_metadata_matches_nametable.CheckMetadataMatchesNameTable.test_check_metadata_matches_nametable(): ERROR
bakery_lint.tests.downstream.test_check_vertical_metrics.CheckVerticalAscentMetrics.test_metrics_ascents_equal_bbox(): OK
bakery_lint.tests.downstream.test_check_vertical_metrics.CheckVerticalAscentMetrics.test_metrics_ascents_equal_bbox(): OK
bakery_lint.tests.downstream.test_check_vertical_metrics.CheckVerticalAscentMetrics.test_metrics_ascents_equal_bbox(): OK
bakery_lint.tests.downstream.test_check_vertical_metrics.CheckVerticalAscentMetrics.test_metrics_ascents_equal_bbox(): OK
bakery_lint.tests.downstream.test_check_vertical_metrics.CheckVerticalDescentMetrics.test_metrics_descents_equal_bbox(): OK
bakery_lint.tests.downstream.test_gasp_table_value.CheckGaspTableType.test_check_gasp_table_type(): OK
$ bakery-gasp.py --set=15 /home/travis/build/fontdirectory/crimsontext/builds/build/CrimsonText-BoldItalic.ttf
$ mv /home/travis/build/fontdirectory/crimsontext/builds/build/CrimsonText-BoldItalic.ttf.fix /home/travis/build/fontdirectory/crimsontext/builds/build/CrimsonText-BoldItalic.ttf
bakery_lint.tests.downstream.test_check_names_same_across_platforms.CheckNamesSameAcrossPlatforms.test_check_names_same_across_platforms(): OK
bakery_lint.tests.downstream.test_check_glyf_table_length.CheckGlyfTableLength.test_check_glyf_table_length(): FAIL
bakery_lint.tests.downstream.test_check_full_font_name_begins_with_family_name.CheckFullFontNameBeginsWithFamilyName.test_check_full_font_name_begins_with_family_name(): OK
bakery_lint.tests.downstream.test_check_no_problematic_formats.CheckNoProblematicFormats.test_check_no_problematic_formats(): OK
The following table(s) in the font have been ignored by FontForge
  Ignoring 'DSIG' digital signature table
  Ignoring 'webf'
bakery_lint.tests.downstream.test_fontforge_validation_state.FontForgeValidateStateTest.test_allowed_numbers_paths_in_composite_glyphs(): OK
bakery_lint.tests.downstream.test_fontforge_validation_state.FontForgeValidateStateTest.test_allowed_numbers_paths_in_glyphs(): OK
bakery_lint.tests.downstream.test_fontforge_validation_state.FontForgeValidateStateTest.test_allowed_numbers_points_in_composite_glyphs(): OK
bakery_lint.tests.downstream.test_fontforge_validation_state.FontForgeValidateStateTest.test_allowed_numbers_points_in_glyphs(): OK
bakery_lint.tests.downstream.test_fontforge_validation_state.FontForgeValidateStateTest.test_duplicate_glyphs(): OK
bakery_lint.tests.downstream.test_fontforge_validation_state.FontForgeValidateStateTest.test_duplicate_unicode_codepoints(): OK
bakery_lint.tests.downstream.test_fontforge_validation_state.FontForgeValidateStateTest.test_flipped_reference_in_glyphs(): OK
bakery_lint.tests.downstream.test_fontforge_validation_state.FontForgeValidateStateTest.test_missing_anchors(): OK
bakery_lint.tests.downstream.test_fontforge_validation_state.FontForgeValidateStateTest.test_missing_extrema_in_glyphs(): FAIL
bakery_lint.tests.downstream.test_fontforge_validation_state.FontForgeValidateStateTest.test_overlapped_hints(): OK
bakery_lint.tests.downstream.test_fontforge_validation_state.FontForgeValidateStateTest.test_points_are_integer_aligned(): OK
bakery_lint.tests.downstream.test_fontforge_validation_state.FontForgeValidateStateTest.test_points_are_not_too_far_apart(): OK
bakery_lint.tests.downstream.test_fontforge_validation_state.FontForgeValidateStateTest.test_postscript_hasnt_limit_hints_in_glyphs(): OK
bakery_lint.tests.downstream.test_fontforge_validation_state.FontForgeValidateStateTest.test_postscript_hasnt_limit_points_in_glyphs(): OK
bakery_lint.tests.downstream.test_fontforge_validation_state.FontForgeValidateStateTest.test_referenced_glyphs_are_present(): OK
bakery_lint.tests.downstream.test_fontforge_validation_state.FontForgeValidateStateTest.test_valid_glyph_names(): OK
bakery_lint.tests.downstream.test_fontforge_validation_state.FontForgeValidateStateTest.test_valid_length_instructions(): OK
bakery_lint.tests.downstream.test_fontforge_validation_state.FontForgeValidateStateTest.test_validation_glyph_intersect(): FAIL
bakery_lint.tests.downstream.test_fontforge_validation_state.FontForgeValidateStateTest.test_validation_open_contours(): OK
bakery_lint.tests.downstream.test_fontforge_validation_state.FontForgeValidateStateTest.test_wrong_direction_in_glyphs(): OK
bakery_lint.tests.downstream.test_check_fontname_matches_macstyle.CheckFontNameEqualToMacStyleFlags.test_fontname_is_equal_to_macstyle(): FAIL
bakery_lint.tests.downstream.test_check_os2_width_class.CheckOS2WidthClass.test_check_os2_width_class(): OK
bakery_lint.tests.downstream.test_check_unencoded_glyph.TestFontUnencodedGlyph.test_font_unencoded_glyphs(): FAIL
$ bakery-encode-glyphs-fix.py --autofix /home/travis/build/fontdirectory/crimsontext/builds/build/CrimsonText-BoldItalic.ttf
bakery_lint.tests.downstream.test_check_unencoded_glyph.TestFontUnencodedGlyph.test_font_unencoded_glyphs(): FAIL
bakery_lint.tests.downstream.test_check_license_included.CheckLicenseIncluded.test_license_included_in_font_names(): OK
bakery_lint.tests.downstream.test_check_unused_glyph_data.CheckUnusedGlyphData.test_check_unused_glyph_data(): ERROR
bakery_lint.tests.downstream.test_check_italic_angle_agreement.CheckItalicAngleAgreement.test_check_italic_angle_agreement(): OK
### Optimize TTF CrimsonText-BoldItalic.ttf
bakery_lint.tests.downstream.test_check_vertical_metrics.CheckVerticalDescentMetrics.test_metrics_descents_equal_bbox(): OK
bakery_lint.tests.downstream.test_gasp_table_value.CheckGaspTableType.test_check_gasp_table_type(): OK
$ bakery-gasp.py --set=15 /home/travis/build/fontdirectory/crimsontext/builds/build/CrimsonText-Regular.ttf
$ mv /home/travis/build/fontdirectory/crimsontext/builds/build/CrimsonText-Regular.ttf.fix /home/travis/build/fontdirectory/crimsontext/builds/build/CrimsonText-Regular.ttf
bakery_lint.tests.downstream.test_check_names_same_across_platforms.CheckNamesSameAcrossPlatforms.test_check_names_same_across_platforms(): OK
bakery_lint.tests.downstream.test_check_glyf_table_length.CheckGlyfTableLength.test_check_glyf_table_length(): FAIL
bakery_lint.tests.downstream.test_check_full_font_name_begins_with_family_name.CheckFullFontNameBeginsWithFamilyName.test_check_full_font_name_begins_with_family_name(): OK
bakery_lint.tests.downstream.test_check_no_problematic_formats.CheckNoProblematicFormats.test_check_no_problematic_formats(): OK
The following table(s) in the font have been ignored by FontForge
  Ignoring 'DSIG' digital signature table
  Ignoring 'webf'
$ ls -l 'CrimsonText-BoldItalic.ttf'* # look at the size savings of that subset process
CrimsonText-BoldItalic.ttf.opt: 95460 bytes
CrimsonText-BoldItalic.ttf: 97584 bytes
$ mv /home/travis/build/fontdirectory/crimsontext/builds/build/CrimsonText-BoldItalic.ttf.opt /home/travis/build/fontdirectory/crimsontext/builds/build/CrimsonText-BoldItalic.ttf
### Autohint TTFs (ttfautohint) CrimsonText-BoldItalic.ttf
bakery_lint.tests.downstream.test_check_vertical_metrics.CheckVerticalDescentMetrics.test_metrics_descents_equal_bbox(): OK
bakery_lint.tests.downstream.test_gasp_table_value.CheckGaspTableType.test_check_gasp_table_type(): OK
$ bakery-gasp.py --set=15 /home/travis/build/fontdirectory/crimsontext/builds/build/CrimsonText-Italic.ttf
$ mv /home/travis/build/fontdirectory/crimsontext/builds/build/CrimsonText-Italic.ttf.fix /home/travis/build/fontdirectory/crimsontext/builds/build/CrimsonText-Italic.ttf
bakery_lint.tests.downstream.test_check_names_same_across_platforms.CheckNamesSameAcrossPlatforms.test_check_names_same_across_platforms(): OK
bakery_lint.tests.downstream.test_check_glyf_table_length.CheckGlyfTableLength.test_check_glyf_table_length(): FAIL
bakery_lint.tests.downstream.test_check_full_font_name_begins_with_family_name.CheckFullFontNameBeginsWithFamilyName.test_check_full_font_name_begins_with_family_name(): OK
bakery_lint.tests.downstream.test_check_no_problematic_formats.CheckNoProblematicFormats.test_check_no_problematic_formats(): OK
The following table(s) in the font have been ignored by FontForge
  Ignoring 'DSIG' digital signature table
  Ignoring 'webf'
$ ls -l /home/travis/build/fontdirectory/crimsontext/builds/build/CrimsonText-BoldItalic.*ttf # look at the size savings of that subset process
/home/travis/build/fontdirectory/crimsontext/builds/build/CrimsonText-BoldItalic.ttf: 95460 bytes
/home/travis/build/fontdirectory/crimsontext/builds/build/CrimsonText-BoldItalic.autohint.ttf: 77384 bytes
$ mv /home/travis/build/fontdirectory/crimsontext/builds/build/CrimsonText-BoldItalic.autohint.ttf /home/travis/build/fontdirectory/crimsontext/builds/build/CrimsonText-BoldItalic.ttf
### Subset TTFs (pyftsubset) CrimsonText-BoldItalic.ttf
bakery_lint.tests.downstream.test_fontforge_validation_state.FontForgeValidateStateTest.test_allowed_numbers_paths_in_composite_glyphs(): OK
bakery_lint.tests.downstream.test_fontforge_validation_state.FontForgeValidateStateTest.test_allowed_numbers_paths_in_glyphs(): OK
bakery_lint.tests.downstream.test_fontforge_validation_state.FontForgeValidateStateTest.test_allowed_numbers_points_in_composite_glyphs(): OK
bakery_lint.tests.downstream.test_fontforge_validation_state.FontForgeValidateStateTest.test_allowed_numbers_points_in_glyphs(): OK
bakery_lint.tests.downstream.test_fontforge_validation_state.FontForgeValidateStateTest.test_duplicate_glyphs(): OK
bakery_lint.tests.downstream.test_fontforge_validation_state.FontForgeValidateStateTest.test_duplicate_unicode_codepoints(): OK
bakery_lint.tests.downstream.test_fontforge_validation_state.FontForgeValidateStateTest.test_flipped_reference_in_glyphs(): OK
bakery_lint.tests.downstream.test_fontforge_validation_state.FontForgeValidateStateTest.test_missing_anchors(): OK
bakery_lint.tests.downstream.test_fontforge_validation_state.FontForgeValidateStateTest.test_missing_extrema_in_glyphs(): FAIL
bakery_lint.tests.downstream.test_fontforge_validation_state.FontForgeValidateStateTest.test_overlapped_hints(): OK
bakery_lint.tests.downstream.test_fontforge_validation_state.FontForgeValidateStateTest.test_points_are_integer_aligned(): OK
bakery_lint.tests.downstream.test_fontforge_validation_state.FontForgeValidateStateTest.test_points_are_not_too_far_apart(): OK
bakery_lint.tests.downstream.test_fontforge_validation_state.FontForgeValidateStateTest.test_postscript_hasnt_limit_hints_in_glyphs(): OK
bakery_lint.tests.downstream.test_fontforge_validation_state.FontForgeValidateStateTest.test_postscript_hasnt_limit_points_in_glyphs(): OK
bakery_lint.tests.downstream.test_fontforge_validation_state.FontForgeValidateStateTest.test_referenced_glyphs_are_present(): OK
bakery_lint.tests.downstream.test_fontforge_validation_state.FontForgeValidateStateTest.test_valid_glyph_names(): OK
bakery_lint.tests.downstream.test_fontforge_validation_state.FontForgeValidateStateTest.test_valid_length_instructions(): OK
bakery_lint.tests.downstream.test_fontforge_validation_state.FontForgeValidateStateTest.test_validation_glyph_intersect(): FAIL
bakery_lint.tests.downstream.test_fontforge_validation_state.FontForgeValidateStateTest.test_validation_open_contours(): OK
bakery_lint.tests.downstream.test_fontforge_validation_state.FontForgeValidateStateTest.test_wrong_direction_in_glyphs(): OK
bakery_lint.tests.downstream.test_check_fontname_matches_macstyle.CheckFontNameEqualToMacStyleFlags.test_fontname_is_equal_to_macstyle(): FAIL
bakery_lint.tests.downstream.test_check_os2_width_class.CheckOS2WidthClass.test_check_os2_width_class(): OK
bakery_lint.tests.downstream.test_check_unencoded_glyph.TestFontUnencodedGlyph.test_font_unencoded_glyphs(): FAIL
$ bakery-encode-glyphs-fix.py --autofix /home/travis/build/fontdirectory/crimsontext/builds/build/CrimsonText-Regular.ttf
bakery_lint.tests.downstream.test_check_unencoded_glyph.TestFontUnencodedGlyph.test_font_unencoded_glyphs(): FAIL
bakery_lint.tests.downstream.test_check_license_included.CheckLicenseIncluded.test_license_included_in_font_names(): OK
bakery_lint.tests.downstream.test_check_unused_glyph_data.CheckUnusedGlyphData.test_check_unused_glyph_data(): ERROR
bakery_lint.tests.downstream.test_check_italic_angle_agreement.CheckItalicAngleAgreement.test_check_italic_angle_agreement(): OK
Generate CrimsonText-BoldItalic.latin
bakery_lint.tests.downstream.test_fontforge_validation_state.FontForgeValidateStateTest.test_allowed_numbers_paths_in_composite_glyphs(): OK
bakery_lint.tests.downstream.test_fontforge_validation_state.FontForgeValidateStateTest.test_allowed_numbers_paths_in_glyphs(): OK
bakery_lint.tests.downstream.test_fontforge_validation_state.FontForgeValidateStateTest.test_allowed_numbers_points_in_composite_glyphs(): OK
bakery_lint.tests.downstream.test_fontforge_validation_state.FontForgeValidateStateTest.test_allowed_numbers_points_in_glyphs(): OK
bakery_lint.tests.downstream.test_fontforge_validation_state.FontForgeValidateStateTest.test_duplicate_glyphs(): OK
bakery_lint.tests.downstream.test_fontforge_validation_state.FontForgeValidateStateTest.test_duplicate_unicode_codepoints(): OK
bakery_lint.tests.downstream.test_fontforge_validation_state.FontForgeValidateStateTest.test_flipped_reference_in_glyphs(): OK
bakery_lint.tests.downstream.test_fontforge_validation_state.FontForgeValidateStateTest.test_missing_anchors(): OK
bakery_lint.tests.downstream.test_fontforge_validation_state.FontForgeValidateStateTest.test_missing_extrema_in_glyphs(): FAIL
bakery_lint.tests.downstream.test_fontforge_validation_state.FontForgeValidateStateTest.test_overlapped_hints(): OK
bakery_lint.tests.downstream.test_fontforge_validation_state.FontForgeValidateStateTest.test_points_are_integer_aligned(): OK
bakery_lint.tests.downstream.test_fontforge_validation_state.FontForgeValidateStateTest.test_points_are_not_too_far_apart(): OK
bakery_lint.tests.downstream.test_fontforge_validation_state.FontForgeValidateStateTest.test_postscript_hasnt_limit_hints_in_glyphs(): OK
bakery_lint.tests.downstream.test_fontforge_validation_state.FontForgeValidateStateTest.test_postscript_hasnt_limit_points_in_glyphs(): OK
bakery_lint.tests.downstream.test_fontforge_validation_state.FontForgeValidateStateTest.test_referenced_glyphs_are_present(): OK
bakery_lint.tests.downstream.test_fontforge_validation_state.FontForgeValidateStateTest.test_valid_glyph_names(): OK
bakery_lint.tests.downstream.test_fontforge_validation_state.FontForgeValidateStateTest.test_valid_length_instructions(): OK
bakery_lint.tests.downstream.test_fontforge_validation_state.FontForgeValidateStateTest.test_validation_glyph_intersect(): FAIL
bakery_lint.tests.downstream.test_fontforge_validation_state.FontForgeValidateStateTest.test_validation_open_contours(): OK
bakery_lint.tests.downstream.test_fontforge_validation_state.FontForgeValidateStateTest.test_wrong_direction_in_glyphs(): OK
bakery_lint.tests.downstream.test_check_fontname_matches_macstyle.CheckFontNameEqualToMacStyleFlags.test_fontname_is_equal_to_macstyle(): FAIL
bakery_lint.tests.downstream.test_check_os2_width_class.CheckOS2WidthClass.test_check_os2_width_class(): OK
bakery_lint.tests.downstream.test_check_unencoded_glyph.TestFontUnencodedGlyph.test_font_unencoded_glyphs(): FAIL
$ bakery-encode-glyphs-fix.py --autofix /home/travis/build/fontdirectory/crimsontext/builds/build/CrimsonText-Italic.ttf
bakery_lint.tests.downstream.test_check_unencoded_glyph.TestFontUnencodedGlyph.test_font_unencoded_glyphs(): FAIL
bakery_lint.tests.downstream.test_check_license_included.CheckLicenseIncluded.test_license_included_in_font_names(): OK
bakery_lint.tests.downstream.test_check_unused_glyph_data.CheckUnusedGlyphData.test_check_unused_glyph_data(): ERROR
bakery_lint.tests.downstream.test_check_italic_angle_agreement.CheckItalicAngleAgreement.test_check_italic_angle_agreement(): OK
### Optimize TTF CrimsonText-Regular.ttf
Generate CrimsonText-BoldItalic.menu
strippedname:/home/travis/build/fontdirectory/crimsontext/builds/build/CrimsonText-BoldItalic.ttf
### Optimize TTF CrimsonText-Italic.ttf
$ ls -l 'CrimsonText-Italic.ttf'* # look at the size savings of that subset process
CrimsonText-Italic.ttf.opt: 92684 bytes
CrimsonText-Italic.ttf: 106708 bytes
$ mv /home/travis/build/fontdirectory/crimsontext/builds/build/CrimsonText-Italic.ttf.opt /home/travis/build/fontdirectory/crimsontext/builds/build/CrimsonText-Italic.ttf
### Autohint TTFs (ttfautohint) CrimsonText-Italic.ttf
$ ls -l 'CrimsonText-Regular.ttf'* # look at the size savings of that subset process
CrimsonText-Regular.ttf.opt: 82912 bytes
CrimsonText-Regular.ttf: 98092 bytes
$ mv /home/travis/build/fontdirectory/crimsontext/builds/build/CrimsonText-Regular.ttf.opt /home/travis/build/fontdirectory/crimsontext/builds/build/CrimsonText-Regular.ttf
### Autohint TTFs (ttfautohint) CrimsonText-Regular.ttf
$ ls -l /home/travis/build/fontdirectory/crimsontext/builds/build/CrimsonText-Italic.*ttf # look at the size savings of that subset process
/home/travis/build/fontdirectory/crimsontext/builds/build/CrimsonText-Italic.ttf: 92684 bytes
/home/travis/build/fontdirectory/crimsontext/builds/build/CrimsonText-Italic.autohint.ttf: 88164 bytes
$ mv /home/travis/build/fontdirectory/crimsontext/builds/build/CrimsonText-Italic.autohint.ttf /home/travis/build/fontdirectory/crimsontext/builds/build/CrimsonText-Italic.ttf
$ ls -l /home/travis/build/fontdirectory/crimsontext/builds/build/CrimsonText-Regular.*ttf # look at the size savings of that subset process
/home/travis/build/fontdirectory/crimsontext/builds/build/CrimsonText-Regular.ttf: 82912 bytes
/home/travis/build/fontdirectory/crimsontext/builds/build/CrimsonText-Regular.autohint.ttf: 75744 bytes
$ mv /home/travis/build/fontdirectory/crimsontext/builds/build/CrimsonText-Regular.autohint.ttf /home/travis/build/fontdirectory/crimsontext/builds/build/CrimsonText-Regular.ttf
bakery_lint.tests.downstream.test_check_vertical_metrics.CheckVerticalDescentMetrics.test_metrics_descents_equal_bbox(): OK
### Subset TTFs (pyftsubset) CrimsonText-Italic.ttf
### Subset TTFs (pyftsubset) CrimsonText-Regular.ttf
bakery_lint.tests.downstream.test_gasp_table_value.CheckGaspTableType.test_check_gasp_table_type(): OK
$ bakery-gasp.py --set=15 /home/travis/build/fontdirectory/crimsontext/builds/build/CrimsonText-Bold.ttf
$ mv /home/travis/build/fontdirectory/crimsontext/builds/build/CrimsonText-Bold.ttf.fix /home/travis/build/fontdirectory/crimsontext/builds/build/CrimsonText-Bold.ttf
bakery_lint.tests.downstream.test_check_names_same_across_platforms.CheckNamesSameAcrossPlatforms.test_check_names_same_across_platforms(): OK
bakery_lint.tests.downstream.test_check_glyf_table_length.CheckGlyfTableLength.test_check_glyf_table_length(): FAIL
bakery_lint.tests.downstream.test_check_full_font_name_begins_with_family_name.CheckFullFontNameBeginsWithFamilyName.test_check_full_font_name_begins_with_family_name(): OK
bakery_lint.tests.downstream.test_check_no_problematic_formats.CheckNoProblematicFormats.test_check_no_problematic_formats(): OK
The following table(s) in the font have been ignored by FontForge
  Ignoring 'DSIG' digital signature table
  Ignoring 'webf'
Generate CrimsonText-Italic.latin
Generate CrimsonText-Regular.latin
Generate CrimsonText-Italic.menu
strippedname:/home/travis/build/fontdirectory/crimsontext/builds/build/CrimsonText-Italic.ttf
Generate CrimsonText-Regular.menu
strippedname:/home/travis/build/fontdirectory/crimsontext/builds/build/CrimsonText-Regular.ttf
bakery_lint.tests.downstream.test_fontforge_validation_state.FontForgeValidateStateTest.test_allowed_numbers_paths_in_composite_glyphs(): OK
bakery_lint.tests.downstream.test_fontforge_validation_state.FontForgeValidateStateTest.test_allowed_numbers_paths_in_glyphs(): OK
bakery_lint.tests.downstream.test_fontforge_validation_state.FontForgeValidateStateTest.test_allowed_numbers_points_in_composite_glyphs(): OK
bakery_lint.tests.downstream.test_fontforge_validation_state.FontForgeValidateStateTest.test_allowed_numbers_points_in_glyphs(): OK
bakery_lint.tests.downstream.test_fontforge_validation_state.FontForgeValidateStateTest.test_duplicate_glyphs(): OK
bakery_lint.tests.downstream.test_fontforge_validation_state.FontForgeValidateStateTest.test_duplicate_unicode_codepoints(): OK
bakery_lint.tests.downstream.test_fontforge_validation_state.FontForgeValidateStateTest.test_flipped_reference_in_glyphs(): OK
bakery_lint.tests.downstream.test_fontforge_validation_state.FontForgeValidateStateTest.test_missing_anchors(): OK
bakery_lint.tests.downstream.test_fontforge_validation_state.FontForgeValidateStateTest.test_missing_extrema_in_glyphs(): FAIL
bakery_lint.tests.downstream.test_fontforge_validation_state.FontForgeValidateStateTest.test_overlapped_hints(): OK
bakery_lint.tests.downstream.test_fontforge_validation_state.FontForgeValidateStateTest.test_points_are_integer_aligned(): OK
bakery_lint.tests.downstream.test_fontforge_validation_state.FontForgeValidateStateTest.test_points_are_not_too_far_apart(): OK
bakery_lint.tests.downstream.test_fontforge_validation_state.FontForgeValidateStateTest.test_postscript_hasnt_limit_hints_in_glyphs(): OK
bakery_lint.tests.downstream.test_fontforge_validation_state.FontForgeValidateStateTest.test_postscript_hasnt_limit_points_in_glyphs(): OK
bakery_lint.tests.downstream.test_fontforge_validation_state.FontForgeValidateStateTest.test_referenced_glyphs_are_present(): OK
bakery_lint.tests.downstream.test_fontforge_validation_state.FontForgeValidateStateTest.test_valid_glyph_names(): OK
bakery_lint.tests.downstream.test_fontforge_validation_state.FontForgeValidateStateTest.test_valid_length_instructions(): OK
bakery_lint.tests.downstream.test_fontforge_validation_state.FontForgeValidateStateTest.test_validation_glyph_intersect(): FAIL
bakery_lint.tests.downstream.test_fontforge_validation_state.FontForgeValidateStateTest.test_validation_open_contours(): OK
bakery_lint.tests.downstream.test_fontforge_validation_state.FontForgeValidateStateTest.test_wrong_direction_in_glyphs(): OK
bakery_lint.tests.downstream.test_check_fontname_matches_macstyle.CheckFontNameEqualToMacStyleFlags.test_fontname_is_equal_to_macstyle(): FAIL
bakery_lint.tests.downstream.test_check_os2_width_class.CheckOS2WidthClass.test_check_os2_width_class(): OK
bakery_lint.tests.downstream.test_check_unencoded_glyph.TestFontUnencodedGlyph.test_font_unencoded_glyphs(): FAIL
$ bakery-encode-glyphs-fix.py --autofix /home/travis/build/fontdirectory/crimsontext/builds/build/CrimsonText-Bold.ttf
bakery_lint.tests.downstream.test_check_unencoded_glyph.TestFontUnencodedGlyph.test_font_unencoded_glyphs(): FAIL
bakery_lint.tests.downstream.test_check_license_included.CheckLicenseIncluded.test_license_included_in_font_names(): OK
bakery_lint.tests.downstream.test_check_unused_glyph_data.CheckUnusedGlyphData.test_check_unused_glyph_data(): ERROR
bakery_lint.tests.downstream.test_check_italic_angle_agreement.CheckItalicAngleAgreement.test_check_italic_angle_agreement(): OK
### Optimize TTF CrimsonText-Bold.ttf
$ ls -l 'CrimsonText-Bold.ttf'* # look at the size savings of that subset process
CrimsonText-Bold.ttf.opt: 79592 bytes
CrimsonText-Bold.ttf: 81516 bytes
$ mv /home/travis/build/fontdirectory/crimsontext/builds/build/CrimsonText-Bold.ttf.opt /home/travis/build/fontdirectory/crimsontext/builds/build/CrimsonText-Bold.ttf
### Autohint TTFs (ttfautohint) CrimsonText-Bold.ttf
$ ls -l /home/travis/build/fontdirectory/crimsontext/builds/build/CrimsonText-Bold.*ttf # look at the size savings of that subset process
/home/travis/build/fontdirectory/crimsontext/builds/build/CrimsonText-Bold.ttf: 79592 bytes
/home/travis/build/fontdirectory/crimsontext/builds/build/CrimsonText-Bold.autohint.ttf: 70812 bytes
$ mv /home/travis/build/fontdirectory/crimsontext/builds/build/CrimsonText-Bold.autohint.ttf /home/travis/build/fontdirectory/crimsontext/builds/build/CrimsonText-Bold.ttf
### Subset TTFs (pyftsubset) CrimsonText-Bold.ttf
Generate CrimsonText-Bold.latin
Generate CrimsonText-Bold.menu
strippedname:/home/travis/build/fontdirectory/crimsontext/builds/build/CrimsonText-Bold.ttf
{
  "name": "Crimson Text", 
  "designer": "Sebastian Kosch", 
  "license": "OFL", 
  "visibility": "External", 
  "category": "Serif", 
  "size": 96066, 
  "fonts": [
    {
      "name": "Crimson Text", 
      "postScriptName": "CrimsonText-Semibold", 
      "fullName": "Crimson Text Bold", 
      "style": "normal", 
      "weight": 600, 
      "filename": "CrimsonText-Bold.ttf", 
      "copyright": "Copyright (c) 2010, Sebastian Kosch (sebastian@aldusleaf.org), with Reserved Font Name \"Crimson\"."
    }, 
    {
      "name": "Crimson Text", 
      "postScriptName": "CrimsonText-Italic", 
      "fullName": "Crimson Text Italic", 
      "style": "italic", 
      "weight": 400, 
      "filename": "CrimsonText-Italic.ttf", 
      "copyright": "Copyright (c) 2010, Sebastian Kosch (sebastian@aldusleaf.org), with Reserved Font Name \"Crimson\"."
    }, 
    {
      "name": "Crimson Text", 
      "postScriptName": "CrimsonText-Roman", 
      "fullName": "Crimson Text Regular", 
      "style": "normal", 
      "weight": 400, 
      "filename": "CrimsonText-Regular.ttf", 
      "copyright": "Copyright (c) 2010, Sebastian Kosch (sebastian@aldusleaf.org), with Reserved Font Name \"Crimson\"."
    }, 
    {
      "name": "Crimson Text", 
      "postScriptName": "CrimsonText-BoldItalic", 
      "fullName": "Crimson Text Bold Italic", 
      "style": "italic", 
      "weight": 700, 
      "filename": "CrimsonText-BoldItalic.ttf", 
      "copyright": "Copyright (c) 2010, Sebastian Kosch (sebastian@aldusleaf.org), with Reserved Font Name \"Crimson\"."
    }
  ], 
  "subsets": [
    "latin"
  ], 
  "dateAdded": "2011-01-26"
}
